EVA Ч Generation Test (100K steps)
==================================================
  яЁштхЄ -> яЁштхЄ№ (╚└), () ├╤шры ├╥╗ (-┴╩
  ўхыютхъ шфхЄ яю -> ўхыютхъ шфхЄ яюЁф, ╩юэух ╚ёы■ (). ╧юытє 
  ёюыэЎх ётхЄшЄ -> ёюыэЎх ётхЄшЄхьр (┴╩юЁєёъющ (╨хёшщ ();
  ёхуюфэ  їюЁю°р  яюуюфр -> ёхуюфэ  їюЁю°р  яюуюфр). ═хфшЎ√ эрєьющ ╠рфшъє т
    ы■сы■ ->   ы■сы■ () л═┬., ╚-╥▌ц л─ют, ╤. 
  ьхЄрфрээ√х їЁрэ Є -> ьхЄрфрээ√х їЁрэ Єёъшщ (└ыхэ ┬рьюэ, т шэхщЁ
  ЄЁрэёЇюЁьхЁ яюэшьрхЄ -> ЄЁрэёЇюЁьхЁ яюэшьрхЄ (╤рэют Ч (┬ырф, ) ╥) Ч).
  яЁюуЁрььр ЁрсюЄрхЄ -> яЁюуЁрььр ЁрсюЄрхЄ (л╩єфры л╠. ╬ёЄхїюфютр, 
  чэрэш  ¤Єю ёшыр -> чэрэш  ¤Єю ёшырЄшюэ (; . л╠шых Ч ). ) Ч 
  юфшэ фтр ЄЁш -> юфшэ фтр ЄЁшщ ╩рЁёЄшЇрщ (), ╤рэшщ-╤╨)
Done.
